[    0.000000] Initializing cgroup subsys cpuset
[    0.000000] Initializing cgroup subsys cpu
[    0.000000] Initializing cgroup subsys cpuacct
[    0.000000] Linux version 4.4.0-187-generic (buildd@lgw01-amd64-035) (gcc version 5.4.0 20160609 (Ubuntu 5.4.0-6ubuntu1~16.04.12) ) #217-Ubuntu SMP Tue Jul 21 04:18:15 UTC 2020 (Ubuntu 4.4.0-187.217-generic 4.4.230)
[    0.000000] Command line: BOOT_IMAGE=/boot/vmlinuz-4.4.0-187-generic root=LABEL=cloudimg-rootfs ro console=tty1 console=ttyS0
[    0.000000] KERNEL supported cpus:
[    0.000000]   Intel GenuineIntel
[    0.000000]   AMD AuthenticAMD
[    0.000000]   Centaur CentaurHauls
[    0.000000] x86/fpu: xstate_offset[2]:  576, xstate_sizes[2]:  256
[    0.000000] x86/fpu: Supporting XSAVE feature 0x01: 'x87 floating point registers'
[    0.000000] x86/fpu: Supporting XSAVE feature 0x02: 'SSE registers'
[    0.000000] x86/fpu: Supporting XSAVE feature 0x04: 'AVX registers'
[    0.000000] x86/fpu: Enabled xstate features 0x7, context size is 832 bytes, using 'standard' format.
[    0.000000] e820: BIOS-provided physical RAM map:
[    0.000000] BIOS-e820: [mem 0x0000000000000000-0x000000000009fbff] usable
[    0.000000] BIOS-e820: [mem 0x000000000009fc00-0x000000000009ffff] reserved
[    0.000000] BIOS-e820: [mem 0x00000000000f0000-0x00000000000fffff] reserved
[    0.000000] BIOS-e820: [mem 0x0000000000100000-0x000000003ffeffff] usable
[    0.000000] BIOS-e820: [mem 0x000000003fff0000-0x000000003fffffff] ACPI data
[    0.000000] BIOS-e820: [mem 0x00000000fec00000-0x00000000fec00fff] reserved
[    0.000000] BIOS-e820: [mem 0x00000000fee00000-0x00000000fee00fff] reserved
[    0.000000] BIOS-e820: [mem 0x00000000fffc0000-0x00000000ffffffff] reserved
[    0.000000] NX (Execute Disable) protection: active
[    0.000000] SMBIOS 2.5 present.
[    0.000000] Hypervisor detected: KVM
[    0.000000] e820: last_pfn = 0x3fff0 max_arch_pfn = 0x400000000
[    0.000000] MTRR: Disabled
[    0.000000] x86/PAT: MTRRs disabled, skipping PAT initialization too.
[    0.000000] CPU MTRRs all blank - virtualized system.
[    0.000000] x86/PAT: Configuration [0-7]: WB  WT  UC- UC  WB  WT  UC- UC  
[    0.000000] found SMP MP-table at [mem 0x0009fff0-0x0009ffff] mapped at [ffff88000009fff0]
[    0.000000] Scanning 1 areas for low memory corruption
[    0.000000] RAMDISK: [mem 0x362e2000-0x37168fff]
[    0.000000] ACPI: Early table checksum verification disabled
[    0.000000] ACPI: RSDP 0x00000000000E0000 000024 (v02 VBOX  )
[    0.000000] ACPI: XSDT 0x000000003FFF0030 00003C (v01 VBOX   VBOXXSDT 00000001 ASL  00000061)
[    0.000000] ACPI: FACP 0x000000003FFF00F0 0000F4 (v04 VBOX   VBOXFACP 00000001 ASL  00000061)
[    0.000000] ACPI: DSDT 0x000000003FFF0470 002325 (v02 VBOX   VBOXBIOS 00000002 INTL 20100528)
[    0.000000] ACPI: FACS 0x000000003FFF0200 000040
[    0.000000] ACPI: FACS 0x000000003FFF0200 000040
[    0.000000] ACPI: APIC 0x000000003FFF0240 00005C (v02 VBOX   VBOXAPIC 00000001 ASL  00000061)
[    0.000000] ACPI: SSDT 0x000000003FFF02A0 0001CC (v01 VBOX   VBOXCPUT 00000002 INTL 20100528)
[    0.000000] No NUMA configuration found
[    0.000000] Faking a node at [mem 0x0000000000000000-0x000000003ffeffff]
[    0.000000] NODE_DATA(0) allocated [mem 0x3ffeb000-0x3ffeffff]
[    0.000000] kvm-clock: Using msrs 4b564d01 and 4b564d00
[    0.000000] kvm-clock: cpu 0, msr 0:3ffe3001, primary cpu clock
[    0.000000] kvm-clock: using sched offset of 5298918065 cycles
[    0.000000] clocksource: kvm-clock: mask: 0xffffffffffffffff max_cycles: 0x1cd42e4dffb, max_idle_ns: 881590591483 ns
[    0.000000] Zone ranges:
[    0.000000]   DMA      [mem 0x0000000000001000-0x0000000000ffffff]
[    0.000000]   DMA32    [mem 0x0000000001000000-0x000000003ffeffff]
[    0.000000]   Normal   empty
[    0.000000]   Device   empty
[    0.000000] Movable zone start for each node
[    0.000000] Early memory node ranges
[    0.000000]   node   0: [mem 0x0000000000001000-0x000000000009efff]
[    0.000000]   node   0: [mem 0x0000000000100000-0x000000003ffeffff]
[    0.000000] Initmem setup node 0 [mem 0x0000000000001000-0x000000003ffeffff]
[    0.000000] ACPI: PM-Timer IO Port: 0x4008
[    0.000000] IOAPIC[0]: apic_id 2, version 32, address 0xfec00000, GSI 0-23
[    0.000000] ACPI: INT_SRC_OVR (bus 0 bus_irq 0 global_irq 2 dfl dfl)
[    0.000000] ACPI: INT_SRC_OVR (bus 0 bus_irq 9 global_irq 9 low level)
[    0.000000] Using ACPI (MADT) for SMP configuration information
[    0.000000] smpboot: Allowing 2 CPUs, 0 hotplug CPUs
[    0.000000] PM: Registered nosave memory: [mem 0x00000000-0x00000fff]
[    0.000000] PM: Registered nosave memory: [mem 0x0009f000-0x0009ffff]
[    0.000000] PM: Registered nosave memory: [mem 0x000a0000-0x000effff]
[    0.000000] PM: Registered nosave memory: [mem 0x000f0000-0x000fffff]
[    0.000000] e820: [mem 0x40000000-0xfebfffff] available for PCI devices
[    0.000000] Booting paravirtualized kernel on KVM
[    0.000000] clocksource: refined-jiffies: mask: 0xffffffff max_cycles: 0xffffffff, max_idle_ns: 7645519600211568 ns
[    0.000000] setup_percpu: NR_CPUS:512 nr_cpumask_bits:512 nr_cpu_ids:2 nr_node_ids:1
[    0.000000] PERCPU: Embedded 33 pages/cpu @ffff88003fc00000 s95512 r8192 d31464 u1048576
[    0.000000] Built 1 zonelists in Node order, mobility grouping on.  Total pages: 257912
[    0.000000] Policy zone: DMA32
[    0.000000] Kernel command line: BOOT_IMAGE=/boot/vmlinuz-4.4.0-187-generic root=LABEL=cloudimg-rootfs ro console=tty1 console=ttyS0
[    0.000000] PID hash table entries: 4096 (order: 3, 32768 bytes)
[    0.000000] Memory: 997668K/1048120K available (8636K kernel code, 1337K rwdata, 4040K rodata, 1492K init, 1296K bss, 50452K reserved, 0K cma-reserved)
[    0.000000] SLUB: HWalign=64, Order=0-3, MinObjects=0, CPUs=2, Nodes=1
[    0.000000] Kernel/User page tables isolation: enabled
[    0.000000] Hierarchical RCU implementation.
[    0.000000] 	Build-time adjustment of leaf fanout to 64.
[    0.000000] 	RCU restricting CPUs from NR_CPUS=512 to nr_cpu_ids=2.
[    0.000000] RCU: Adjusting geometry for rcu_fanout_leaf=64, nr_cpu_ids=2
[    0.000000] NR_IRQS:33024 nr_irqs:440 16
[    0.000000] Console: colour VGA+ 80x25
[    0.000000] console [tty1] enabled
[    0.000000] console [ttyS0] enabled
[    0.000000] tsc: Detected 3408.000 MHz processor
[    0.343275] Calibrating delay loop (skipped) preset value.. 6816.00 BogoMIPS (lpj=13632000)
[    0.348004] pid_max: default: 32768 minimum: 301
[    0.350536] ACPI: Core revision 20150930
[    0.353570] ACPI: 2 ACPI AML tables successfully acquired and loaded
[    0.356943] Security Framework initialized
[    0.359389] Yama: becoming mindful.
[    0.361458] AppArmor: AppArmor initialized
[    0.363724] Dentry cache hash table entries: 131072 (order: 8, 1048576 bytes)
[    0.369262] Inode-cache hash table entries: 65536 (order: 7, 524288 bytes)
[    0.373177] Mount-cache hash table entries: 2048 (order: 2, 16384 bytes)
[    0.376774] Mountpoint-cache hash table entries: 2048 (order: 2, 16384 bytes)
[    0.380697] Initializing cgroup subsys io
[    0.382962] Initializing cgroup subsys memory
[    0.385641] Initializing cgroup subsys devices
[    0.388253] Initializing cgroup subsys freezer
[    0.390766] Initializing cgroup subsys net_cls
[    0.393326] Initializing cgroup subsys perf_event
[    0.395849] Initializing cgroup subsys net_prio
[    0.398452] Initializing cgroup subsys hugetlb
[    0.400976] Initializing cgroup subsys pids
[    0.404582] mce: CPU supports 0 MCE banks
[    0.407088] Last level iTLB entries: 4KB 128, 2MB 8, 4MB 8
[    0.410414] Last level dTLB entries: 4KB 64, 2MB 0, 4MB 0, 1GB 4
[    0.414018] Spectre V1 : Mitigation: usercopy/swapgs barriers and __user pointer sanitization
[    0.419774] Spectre V2 : Mitigation: Full generic retpoline
[    0.423308] Spectre V2 : Spectre v2 / SpectreRSB mitigation: Filling RSB on context switch
[    0.428414] Speculative Store Bypass: Vulnerable
[    0.430982] SRBDS: Unknown: Dependent on hypervisor status
[    0.434311] MDS: Mitigation: Clear CPU buffers
[    0.440602] Freeing SMP alternatives memory: 36K
[    0.450871] ftrace: allocating 32337 entries in 127 pages
[    0.513734] smpboot: APIC(0) Converting physical 0 to logical package 0
[    0.517442] smpboot: Max logical packages: 1
[    0.520041] x2apic enabled
[    0.521895] Switched APIC routing to physical x2apic.
[    0.525797] ..TIMER: vector=0x30 apic1=0 pin1=2 apic2=-1 pin2=-1
[    0.637345] smpboot: CPU0: Intel(R) Core(TM) i5-7500 CPU @ 3.40GHz (family: 0x6, model: 0x9e, stepping: 0x9)
[    0.643014] Performance Events: unsupported p6 CPU model 158 no PMU driver, software events only.
[    0.658041] KVM setup paravirtual spinlock
[    0.660855] x86: Booting SMP configuration:
[    0.663082] .... node  #0, CPUs:      #1
[    0.665273] kvm-clock: cpu 1, msr 0:3ffe3041, secondary cpu clock
[    0.669463] mce: CPU supports 0 MCE banks
[    0.673353] x86: Booted up 1 node, 2 CPUs
[    0.676363] smpboot: Total of 2 processors activated (13632.00 BogoMIPS)
[    0.680415] devtmpfs: initialized
[    0.684017] evm: security.selinux
[    0.686167] evm: security.SMACK64
[    0.687997] evm: security.SMACK64EXEC
[    0.690183] evm: security.SMACK64TRANSMUTE
[    0.692864] evm: security.SMACK64MMAP
[    0.694778] evm: security.ima
[    0.696380] evm: security.capability
[    0.698507] clocksource: jiffies: mask: 0xffffffff max_cycles: 0xffffffff, max_idle_ns: 7645041785100000 ns
[    0.703983] futex hash table entries: 512 (order: 3, 32768 bytes)
[    0.707236] pinctrl core: initialized pinctrl subsystem
[    0.710699] RTC time:  0:33:48, date: 08/31/20
[    0.713247] NET: Registered protocol family 16
[    0.726240] cpuidle: using governor ladder
[    0.742220] cpuidle: using governor menu
[    0.744613] PCCT header not found.
[    0.746816] ACPI: bus type PCI registered
[    0.749011] acpiphp: ACPI Hot Plug PCI Controller Driver version: 0.5
[    0.752441] PCI: Using configuration type 1 for base access
[    0.767123] ACPI: Added _OSI(Module Device)
[    0.769484] ACPI: Added _OSI(Processor Device)
[    0.771869] ACPI: Added _OSI(3.0 _SCP Extensions)
[    0.774644] ACPI: Added _OSI(Processor Aggregator Device)
[    0.778177] ACPI: Executed 1 blocks of module-level executable AML code
[    0.783644] ACPI: Interpreter enabled
[    0.785695] ACPI: (supports S0 S5)
[    0.787496] ACPI: Using IOAPIC for interrupt routing
[    0.790189] PCI: Using host bridge windows from ACPI; if necessary, use "pci=nocrs" and report a bug
[    0.798850] ACPI: PCI Root Bridge [PCI0] (domain 0000 [bus 00-ff])
[    0.802183] acpi PNP0A03:00: _OSC: OS supports [ASPM ClockPM Segments MSI]
[    0.806203] acpi PNP0A03:00: _OSC: not requesting OS control; OS requires [ExtendedConfig ASPM ClockPM MSI]
[    0.811108] acpi PNP0A03:00: fail to add MMCONFIG information, can't access extended PCI configuration space under this bridge.
[    0.818059] PCI host bridge to bus 0000:00
[    0.821305] pci_bus 0000:00: root bus resource [io  0x0000-0x0cf7 window]
[    0.826900] pci_bus 0000:00: root bus resource [io  0x0d00-0xffff window]
[    0.832662] pci_bus 0000:00: root bus resource [mem 0x000a0000-0x000bffff window]
[    0.837004] pci_bus 0000:00: root bus resource [mem 0x40000000-0xfdffffff window]
[    0.846224] pci_bus 0000:00: root bus resource [bus 00-ff]
[    0.855081] pci 0000:00:01.1: legacy IDE quirk: reg 0x10: [io  0x01f0-0x01f7]
[    0.863398] pci 0000:00:01.1: legacy IDE quirk: reg 0x14: [io  0x03f6]
[    0.868261] pci 0000:00:01.1: legacy IDE quirk: reg 0x18: [io  0x0170-0x0177]
[    0.881289] pci 0000:00:01.1: legacy IDE quirk: reg 0x1c: [io  0x0376]
[    0.898012] pci 0000:00:07.0: quirk: [io  0x4000-0x403f] claimed by PIIX4 ACPI
[    0.902203] pci 0000:00:07.0: quirk: [io  0x4100-0x410f] claimed by PIIX4 SMB
[    0.914824] ACPI: PCI Interrupt Link [LNKA] (IRQs 5 9 10 *11)
[    0.918969] ACPI: PCI Interrupt Link [LNKB] (IRQs 5 9 *10 11)
[    0.923503] ACPI: PCI Interrupt Link [LNKC] (IRQs 5 *9 10 11)
[    0.928036] ACPI: PCI Interrupt Link [LNKD] (IRQs 5 9 10 *11)
[    0.931665] ACPI: Enabled 2 GPEs in block 00 to 07
[    0.934552] vgaarb: setting as boot device: PCI:0000:00:02.0
[    0.937734] vgaarb: device added: PCI:0000:00:02.0,decodes=io+mem,owns=io+mem,locks=none
[    0.942716] vgaarb: loaded
[    0.944561] vgaarb: bridge control possible 0000:00:02.0
[    0.947632] SCSI subsystem initialized
[    0.950012] ACPI: bus type USB registered
[    0.952482] usbcore: registered new interface driver usbfs
[    0.955373] usbcore: registered new interface driver hub
[    0.958390] usbcore: registered new device driver usb
[    0.961532] PCI: Using ACPI for IRQ routing
[    0.965232] NetLabel: Initializing
[    0.967565] NetLabel:  domain hash size = 128
[    0.970005] NetLabel:  protocols = UNLABELED CIPSOv4
[    0.972774] NetLabel:  unlabeled traffic allowed by default
[    0.976054] amd_nb: Cannot enumerate AMD northbridges
[    0.979061] clocksource: Switched to clocksource kvm-clock
[    0.989127] AppArmor: AppArmor Filesystem Enabled
[    0.992144] pnp: PnP ACPI init
[    0.994938] pnp: PnP ACPI: found 3 devices
[    1.006448] clocksource: acpi_pm: mask: 0xffffff max_cycles: 0xffffff, max_idle_ns: 2085701024 ns
[    1.011849] NET: Registered protocol family 2
[    1.014510] TCP established hash table entries: 8192 (order: 4, 65536 bytes)
[    1.018401] TCP bind hash table entries: 8192 (order: 5, 131072 bytes)
[    1.021988] TCP: Hash tables configured (established 8192 bind 8192)
[    1.025564] UDP hash table entries: 512 (order: 2, 16384 bytes)
[    1.028665] UDP-Lite hash table entries: 512 (order: 2, 16384 bytes)
[    1.032120] NET: Registered protocol family 1
[    1.034761] pci 0000:00:00.0: Limiting direct PCI/PCI transfers
[    1.038051] pci 0000:00:01.0: Activating ISA DMA hang workarounds
[    1.042222] Unpacking initramfs...
[    1.250354] Freeing initrd memory: 14876K
[    1.252918] clocksource: tsc: mask: 0xffffffffffffffff max_cycles: 0x311fd3cd494, max_idle_ns: 440795223879 ns
[    1.259007] platform rtc_cmos: registered platform RTC device (no PNP device found)
[    1.263411] Scanning for low memory corruption every 60 seconds
[    1.267017] audit: initializing netlink subsys (disabled)
[    1.270358] audit: type=2000 audit(1598834035.293:1): initialized
[    1.273984] Initialise system trusted keyring
[    1.276557] HugeTLB registered 2 MB page size, pre-allocated 0 pages
[    1.281245] zbud: loaded
[    1.283342] VFS: Disk quotas dquot_6.6.0
[    1.285549] VFS: Dquot-cache hash table entries: 512 (order 0, 4096 bytes)
[    1.289609] squashfs: version 4.0 (2009/01/31) Phillip Lougher
[    1.293111] fuse init (API version 7.23)
[    1.295620] Key type big_key registered
[    1.298145] Allocating IMA MOK and blacklist keyrings.
[    1.303032] Key type asymmetric registered
[    1.305437] Asymmetric key parser 'x509' registered
[    1.308312] Block layer SCSI generic (bsg) driver version 0.4 loaded (major 249)
[    1.312637] io scheduler noop registered
[    1.314837] io scheduler deadline registered (default)
[    1.317761] io scheduler cfq registered
[    1.320700] pci_hotplug: PCI Hot Plug PCI Core version: 0.5
[    1.323894] pciehp: PCI Express Hot Plug Controller Driver version: 0.4
[    1.328128] ACPI: AC Adapter [AC] (on-line)
[    1.330463] input: Power Button as /devices/LNXSYSTM:00/LNXPWRBN:00/input/input0
[    1.335044] ACPI: Power Button [PWRF]
[    1.337571] input: Sleep Button as /devices/LNXSYSTM:00/LNXSLPBN:00/input/input1
[    1.341874] ACPI: Sleep Button [SLPF]
[    1.344506] GHES: HEST is not enabled!
[    1.346644] Serial: 8250/16550 driver, 32 ports, IRQ sharing enabled
[    1.371058] 00:02: ttyS0 at I/O 0x3f8 (irq = 4, base_baud = 115200) is a 16550A
[    1.378490] Linux agpgart interface v0.103
[    1.382485] loop: module loaded
[    1.384793] scsi host0: ata_piix
[    1.386687] scsi host1: ata_piix
[    1.388488] ata1: PATA max UDMA/33 cmd 0x1f0 ctl 0x3f6 bmdma 0xd000 irq 14
[    1.392420] ata2: PATA max UDMA/33 cmd 0x170 ctl 0x376 bmdma 0xd008 irq 15
[    1.396419] libphy: Fixed MDIO Bus: probed
[    1.398858] tun: Universal TUN/TAP device driver, 1.6
[    1.401775] tun: (C) 1999-2004 Max Krasnyansky <maxk@qualcomm.com>
[    1.405583] PPP generic driver version 2.4.2
[    1.408237] ehci_hcd: USB 2.0 'Enhanced' Host Controller (EHCI) Driver
[    1.411873] ehci-pci: EHCI PCI platform driver
[    1.414412] ehci-platform: EHCI generic platform driver
[    1.417388] ohci_hcd: USB 1.1 'Open' Host Controller (OHCI) Driver
[    1.420590] ohci-pci: OHCI PCI platform driver
[    1.422994] ohci-platform: OHCI generic platform driver
[    1.425973] uhci_hcd: USB Universal Host Controller Interface driver
[    1.430189] i8042: PNP: PS/2 Controller [PNP0303:PS2K,PNP0f03:PS2M] at 0x60,0x64 irq 1,12
[    1.435489] serio: i8042 KBD port at 0x60,0x64 irq 1
[    1.438266] serio: i8042 AUX port at 0x60,0x64 irq 12
[    1.441194] mousedev: PS/2 mouse device common for all mice
[    1.444564] input: AT Translated Set 2 keyboard as /devices/platform/i8042/serio0/input/input2
[    1.450003] rtc_cmos rtc_cmos: rtc core: registered rtc_cmos as rtc0
[    1.453769] rtc_cmos rtc_cmos: alarms up to one day, 114 bytes nvram
[    1.457317] i2c /dev entries driver
[    1.459467] device-mapper: uevent: version 1.0.3
[    1.462489] device-mapper: ioctl: 4.34.0-ioctl (2015-10-28) initialised: dm-devel@redhat.com
[    1.467302] ledtrig-cpu: registered to indicate activity on CPUs
[    1.471374] NET: Registered protocol family 10
[    1.474617] NET: Registered protocol family 17
[    1.477765] Key type dns_resolver registered
[    1.481194] registered taskstats version 1
[    1.483461] Loading compiled-in X.509 certificates
[    1.486910] Loaded X.509 cert 'Build time autogenerated kernel key: f06b7227f29f55afa9b8968d1b82289d30ebc7c3'
[    1.492599] zswap: loaded using pool lzo/zbud
[    1.497928] Key type trusted registered
[    1.504872] Key type encrypted registered
[    1.507294] AppArmor: AppArmor sha1 policy hashing enabled
[    1.510558] ima: No TPM chip found, activating TPM-bypass!
[    1.513882] ima: Allocated hash algorithm: sha1
[    1.518171] evm: HMAC attrs: 0x1
[    1.521800]   Magic number: 0:369:558
[    1.526476] tty ttyS30: hash matches
[    1.531007] misc vga_arbiter: hash matches
[    1.536109] rtc_cmos rtc_cmos: setting system clock to 2020-08-31 00:33:48 UTC (1598834028)
[    1.544281] BIOS EDD facility v0.16 2004-Jun-25, 0 devices found
[    1.549451] EDD information not available.
[    1.582238] Freeing unused kernel memory: 1492K
[    1.599323] Write protecting the kernel read-only data: 14336k
[    1.603035] Freeing unused kernel memory: 1592K
[    1.606192] Freeing unused kernel memory: 56K
Loading, please wait...
starting version 229
[    1.620768] random: systemd-udevd: uninitialized urandom read (16 bytes read, 3 bits of entropy available)
[    1.621629] random: udevadm: uninitialized urandom read (16 bytes read, 3 bits of entropy available)
[    1.621666] random: udevadm: uninitialized urandom read (16 bytes read, 3 bits of entropy available)
[    1.634862] random: udevadm: uninitialized urandom read (16 bytes read, 3 bits of entropy available)
[    1.635037] random: udevadm: uninitialized urandom read (16 bytes read, 3 bits of entropy available)
[    1.635439] random: udevadm: uninitialized urandom read (16 bytes read, 3 bits of entropy available)
[    1.635562] random: udevadm: uninitialized urandom read (16 bytes read, 3 bits of entropy available)
[    1.635662] random: udevadm: uninitialized urandom read (16 bytes read, 3 bits of entropy available)
[    1.635799] random: udevadm: uninitialized urandom read (16 bytes read, 3 bits of entropy available)
[    1.635945] random: udevadm: uninitialized urandom read (16 bytes read, 3 bits of entropy available)
[    1.703317] e1000: Intel(R) PRO/1000 Network Driver - version 7.3.21-k8-NAPI
[    1.707338] e1000: Copyright (c) 1999-2006 Intel Corporation.
[    1.711991] Fusion MPT base driver 3.04.20
[    1.714474] Copyright (c) 1999-2008 LSI Corporation
[    1.722221] Fusion MPT SPI Host driver 3.04.20
[    1.733518] AVX2 version of gcm_enc/dec engaged.
[    1.736188] AES CTR mode by8 optimization enabled
[    1.925960] input: ImExPS/2 Generic Explorer Mouse as /devices/platform/i8042/serio1/input/input4
[    2.103696] e1000 0000:00:03.0 eth0: (PCI:33MHz:32-bit) 02:e1:21:9c:b1:d3
[    2.107423] e1000 0000:00:03.0 eth0: Intel(R) PRO/1000 Network Connection
[    2.112136] mptbase: ioc0: Initiating bringup
[    2.287396] ioc0: LSI53C1030 A0: Capabilities={Initiator}
[    4.714244] scsi host2: ioc0: LSI53C1030 A0, FwRev=00000000h, Ports=1, MaxQ=256, IRQ=20
[    6.606001] scsi 2:0:0:0: Direct-Access     VBOX     HARDDISK         1.0  PQ: 0 ANSI: 5
[    6.610713] scsi target2:0:0: Beginning Domain Validation
[    6.616173] scsi target2:0:0: Domain Validation skipping write tests
[    6.619778] scsi target2:0:0: Ending Domain Validation
[    6.622566] scsi target2:0:0: asynchronous
[    6.625244] scsi 2:0:1:0: Direct-Access     VBOX     HARDDISK         1.0  PQ: 0 ANSI: 5
[    6.630217] scsi target2:0:1: Beginning Domain Validation
[    6.634749] scsi target2:0:1: Domain Validation skipping write tests
[    6.638491] scsi target2:0:1: Ending Domain Validation
[    6.659833] scsi target2:0:1: asynchronous
[    6.711928] sd 2:0:0:0: Attached scsi generic sg0 type 0
[    6.715087] sd 2:0:0:0: [sda] 20971520 512-byte logical blocks: (10.7 GB/10.0 GiB)
[    6.719623] sd 2:0:1:0: Attached scsi generic sg1 type 0
[    6.723073] sd 2:0:1:0: [sdb] 20480 512-byte logical blocks: (10.5 MB/10.0 MiB)
[    6.728212] sd 2:0:0:0: [sda] Write Protect is off
[    6.731248] sd 2:0:1:0: [sdb] Write Protect is off
[    6.733984] sd 2:0:0:0: [sda] Incomplete mode parameter data
[    6.737518] sd 2:0:0:0: [sda] Assuming drive cache: write through
[    6.741157] sd 2:0:1:0: [sdb] Incomplete mode parameter data
[    6.744383] sd 2:0:1:0: [sdb] Assuming drive cache: write through
[    6.751522]  sda: sda1
[    6.754719] sd 2:0:0:0: [sda] Attached SCSI disk
[    6.760717] sd 2:0:1:0: [sdb] Attached SCSI disk
[    7.028276] e1000 0000:00:08.0 eth1: (PCI:33MHz:32-bit) 08:00:27:5d:1d:59
[    7.032496] e1000 0000:00:08.0 eth1: Intel(R) PRO/1000 Network Connection
[    7.039031] e1000 0000:00:08.0 enp0s8: renamed from eth1
[    7.055608] e1000 0000:00:03.0 enp0s3: renamed from eth0
Begin: Loading essential drivers ... [    8.405565] md: linear personality registered for level -1
[    8.412462] md: multipath personality registered for level -4
[    8.418965] md: raid0 personality registered for level 0
[    8.426818] md: raid1 personality registered for level 1
[    8.499430] raid6: sse2x1   gen()  9417 MB/s
[    8.567132] raid6: sse2x1   xor()  8407 MB/s
[    8.635118] raid6: sse2x2   gen() 14277 MB/s
[    8.703907] raid6: sse2x2   xor() 10845 MB/s
[    8.772228] raid6: sse2x4   gen() 18105 MB/s
[    8.845818] raid6: sse2x4   xor() 11902 MB/s
[    8.915282] raid6: avx2x1   gen() 21777 MB/s
[    8.983595] raid6: avx2x2   gen() 29027 MB/s
[    9.051324] raid6: avx2x4   gen() 28700 MB/s
[    9.053828] raid6: using algorithm avx2x2 gen() 29027 MB/s
[    9.056834] raid6: using avx2x2 recovery algorithm
[    9.061053] xor: automatically using best checksumming function:
[    9.103153]    avx       : 26198.000 MB/sec
[    9.106870] async_tx: api initialized (async)
[    9.118396] md: raid6 personality registered for level 6
[    9.121735] md: raid5 personality registered for level 5
[    9.124999] md: raid4 personality registered for level 4
[    9.136905] md: raid10 personality registered for level 10
done.
Begin: Running /scripts/init-premount ... done.
Begin: Mounting root file system ... Begin: Running /scripts/local-top ... done.
Begin: Running /scripts/local-premount ... [    9.169407] Btrfs loaded
Scanning for Btrfs filesystems
done.
Warning: fsck not present, so skipping root file system
[    9.247146] EXT4-fs (sda1): mounted filesystem with ordered data mode. Opts: (null)
done.
Begin: Running /scripts/local-bottom ... done.
Begin: Running /scripts/init-bottom ... done.
[    9.678448] systemd[1]: systemd 229 running in system mode. (+PAM +AUDIT +SELINUX +IMA +APPARMOR +SMACK +SYSVINIT +UTMP +LIBCRYPTSETUP +GCRYPT +GNUTLS +ACL +XZ -LZ4 +SECCOMP +BLKID +ELFUTILS +KMOD -IDN)
[    9.688478] systemd[1]: Detected virtualization oracle.
[    9.691759] systemd[1]: Detected architecture x86-64.

Welcome to [1mUbuntu 16.04.7 LTS[0m!

[    9.725340] systemd[1]: Set hostname to <ubuntu>.
[    9.748663] systemd[1]: Initializing machine ID from random generator.
[    9.752249] systemd[1]: Installed transient /etc/machine-id file.
[   10.244412] systemd[1]: Set up automount Arbitrary Executable File Formats File System Automount Point.
[[0;32m  OK  [0m] Set up automount Arbitrary Executab...ats File System Automount Point.
[   10.259552] systemd[1]: Reached target User and Group Name Lookups.
[[0;32m  OK  [0m] Reached target User and Group Name Lookups.
[   10.271339] systemd[1]: Reached target System Time Synchronized.
[[0;32m  OK  [0m] Reached target System Time Synchronized.
[   10.283417] systemd[1]: Reached target Swap.
[[0;32m  OK  [0m] Reached target Swap.
[   10.286646] systemd[1]: Listening on udev Kernel Socket.
[[0;32m  OK  [0m] Listening on udev Kernel Socket.
[   10.295393] systemd[1]: Listening on Journal Audit Socket.
[[0;32m  OK  [0m] Listening on Journal Audit Socket.
[   10.299494] systemd[1]: Listening on Journal Socket (/dev/log).
[[0;32m  OK  [0m] Listening on Journal Socket (/dev/log).
[   10.311393] systemd[1]: Reached target Encrypted Volumes.
[[0;32m  OK  [0m] Reached target Encrypted Volumes.
[   10.323443] systemd[1]: Listening on Device-mapper event daemon FIFOs.
[[0;32m  OK  [0m] Listening on Device-mapper event daemon FIFOs.
[   10.335366] systemd[1]: Started Trigger resolvconf update for networkd DNS.
[[0;32m  OK  [0m] Started Trigger resolvconf update for networkd DNS.
[   10.347477] systemd[1]: Listening on LVM2 metadata daemon socket.
[[0;32m  OK  [0m] Listening on LVM2 metadata daemon socket.
[   10.359384] systemd[1]: Listening on Journal Socket.
[[0;32m  OK  [0m] Listening on Journal Socket.
[   10.367443] systemd[1]: Started Forward Password Requests to Wall Directory Watch.
[[0;32m  OK  [0m] Started Forward Password Requests to Wall Directory Watch.
[   10.379565] systemd[1]: Listening on udev Control Socket.
[[0;32m  OK  [0m] Listening on udev Control Socket.
[   10.391553] systemd[1]: Listening on /dev/initctl Compatibility Named Pipe.
[[0;32m  OK  [0m] Listening on /dev/initctl Compatibility Named Pipe.
[   10.397042] systemd[1]: Created slice System Slice.
[[0;32m  OK  [0m] Created slice System Slice.
[   10.419451] systemd[1]: Starting Create list of required static device nodes for the current kernel...
         Starting Create list of required st... nodes for the current kernel...
[   10.433211] systemd[1]: Mounting Debug File System...
         Mounting Debug File System...
[   10.447797] systemd[1]: Starting Uncomplicated firewall...
         Starting Uncomplicated firewall...
[   10.460080] systemd[1]: Starting Monitoring of LVM2 mirrors, snapshots etc. using dmeventd or progress polling...
         Starting Monitoring of LVM2 mirrors... dmeventd or progress polling...
[   10.476362] systemd[1]: Mounting Huge Pages File System...
         Mounting Huge Pages File System...
[   10.488123] systemd[1]: Starting Remount Root and Kernel File Systems...
         Starting Remount Root and Kernel File Systems...
[   10.495394] systemd[1]: Mounting POSIX Message Queue File System...
         Mounting POSIX Message Queue File System...
[   10.502311] systemd[1]: Created slice system-serial\x2dgetty.slice.
[   10.506732] EXT4-fs (sda1): re-mounted. Opts: (null)
[[0;32m  OK  [0m] Created slice system-serial\x2dgetty.slice.
[   10.527271] systemd[1]: Starting Load Kernel Modules...
         Starting Load Kernel Modules...
[   10.540122] systemd[1]: Starting Nameserver information manager...
         Starting Nameserver information manager...
[   10.555391] systemd[1]: Listening on LVM2 poll daemon socket.
[[0;32m  OK  [0m] Listening on LVM2 poll daemon socket.
[   10.560501] systemd[1]: Listening on Syslog Socket.
[[0;32m  OK  [0m] Listening on Syslog Socket.
[   10.566330] Loading iSCSI transport class v2.0-870.
[   10.581832] iscsi: registered transport (tcp)
[   10.587527] systemd[1]: Starting Journal Service...
         Starting Journal Service...
[   10.596124] systemd[1]: Starting Set console keymap...
         Starting Set console keymap...
[   10.600475] systemd[1]: Created slice User and Session Slice.
[[0;32m  OK  [0m] Created slice User and Session Slice.
[   10.611437] systemd[1]: Reached target Slices.
[[0;32m  OK  [0m] Reached target Slices.
[   10.636484] systemd[1]: Mounted Debug File System.
[[0;32m  OK  [0m] Mounted Debug File System.
[   10.643345] systemd[1]: Mounted POSIX Message Queue File System.
[[0;32m  OK  [0m] Mounted POSIX Message Queue File System.
[   10.655381] systemd[1]: Mounted Huge Pages File System.
[[0;32m  OK  [0m] Mounted Huge Pages File System.
[   10.661631] systemd[1]: Started Create list of required static device nodes for the current kernel.
[   10.666737] iscsi: registered transport (iser)
[[0;32m  OK  [0m] Started Create list of required sta...ce nodes for the current kernel.
[   10.672003] systemd[1]: Started Uncomplicated firewall.
[[0;32m  OK  [0m] Started Uncomplicated firewall.
[   10.683789] systemd[1]: Started Remount Root and Kernel File Systems.
[[0;32m  OK  [0m] Started Remount Root and Kernel File Systems.
[   10.695898] systemd[1]: Started Load Kernel Modules.
[[0;32m  OK  [0m] Started Load Kernel Modules.
[   10.719740] systemd[1]: Started Set console keymap.
[[0;32m  OK  [0m] Started Set console keymap.
[   10.724851] systemd[1]: Started Journal Service.
[[0;32m  OK  [0[   10.727748] random: nonblocking pool is initialized
m] Started Journal Service.
[[0;32m  OK  [0m] Started Nameserver information manager.
[[0;32m  OK  [0m] Started LVM2 metadata daemon.
         Starting Apply Kernel Variables...
         Mounting FUSE Control File System...
         Starting udev Coldplug all Devices...
         Starting Flush Journal to Persistent Storage...
         Starting Load/Save Random Seed...
         Starting Create Static Device Nodes in /dev...
[[0;32m  OK  [0m] Mounted FUSE Control File System.
[[0;32m  OK  [0m] Started Apply Kernel Variables.
[[0;32m  OK  [0m] Started Load/Save Random Seed.
[[0;32m  OK  [0m] Started Flush Journal to Persistent Storage.
[[0;32m  OK  [0m] Started udev Coldplug all Devices.
[[0;32m  OK  [0m] Started Monitoring of LVM2 mirrors,...ng dmeventd or progress polling.
[[0;32m  OK  [0m] Started Create Static Device Nodes in /dev.
[[0;32m  OK  [0m] Reached target Local File Systems (Pre).
[[0;32m  OK  [0m] Reached target Local File Systems.
         Starting Tell Plymouth To Write Out Runtime Data...
         Starting Create Volatile Files and Directories...
         Starting LSB: AppArmor initialization...
         Starting Commit a transient machine-id on disk...
         Starting Set console font and keymap...
         Starting Initial cloud-init job (pre-networking)...
         Starting udev Kernel Device Manager...
[[0;32m  OK  [0m] Started Tell Plymouth To Write Out Runtime Data.
[[0;32m  OK  [0m] Started Create Volatile Files and Directories.
         Starting Update UTMP about System Boot/Shutdown...
[[0;32m  OK  [0m] Started Commit a transient machine-id on disk.
[[0;32m  OK  [0m] Started Update UTMP about System Boot/Shutdown.
[[0;32m  OK  [0m] Started udev Kernel Device Manager.
[[0;32m  OK  [0m] Started Dispatch Password Requests to Console Directory Watch.
[[0;32m  OK  [0m] Found device /dev/ttyS0.
[[0;32m  OK  [0m] Listening on Load/Save RF Kill Switch Status /dev/rfkill Watch.
[[0;32m  OK  [0m] Started LSB: AppArmor initialization.
         Starting Load AppArmor profiles managed internally by snapd...
[[0;32m  OK  [0m] Started Load AppArmor profiles managed internally by snapd.
[[0;32m  OK  [0m] Started Set console font and keymap.
[[0;32m  OK  [0m] Created slice system-getty.slice.
[   13.133593] cloud-init[475]: Cloud-init v. 20.2-45-g5f7825e2-0ubuntu1~16.04.1 running 'init-local' at Mon, 31 Aug 2020 00:34:00 +0000. Up 12.72 seconds.
[[0;32m  OK  [0m] Started Initial cloud-init job (pre-networking).
[[0;32m  OK  [0m] Reached target Network (Pre).
         Starting Raise network interfaces...
[[0;32m  OK  [0m] Started Raise network interfaces.
[[0;32m  OK  [0m] Reached target Network.
         Starting Initial cloud-init job (metadata service crawler)...
[   14.381040] cloud-init[958]: Cloud-init v. 20.2-45-g5f7825e2-0ubuntu1~16.04.1 running 'init' at Mon, 31 Aug 2020 00:34:01 +0000. Up 13.71 seconds.
[   14.388619] cloud-init[958]: ci-info: ++++++++++++++++++++++++++++++++++++++Net device info+++++++++++++++++++++++++++++++++++++++
[   14.396546] cloud-init[958]: ci-info: +--------+-------+----------------------------+---------------+--------+-------------------+
[   14.405155] cloud-init[958]: ci-info: | Device |   Up  |          Address           |      Mask     | Scope  |     Hw-Address    |
[   14.412432] cloud-init[958]: ci-info: +--------+-------+----------------------------+---------------+--------+-------------------+
[   14.421234] cloud-init[958]: ci-info: | enp0s3 |  True |         10.0.2.15          | 255.255.255.0 | global | 02:e1:21:9c:b1:d3 |
[   14.428273] [cloud-init[0;32m  OK  [0m[958]: ] ci-info: | enp0s3 |  True | fe80::e1:21ff:fe9c:b1d3/64 |       .       |  link  | 02:e1:21:9c:b1:d3 |Started Initial cloud-init job (metadata service crawler).

[   14.428525] cloud-init[958]: ci-info: | enp0s8 | False |             .              |       .       |   .    | 08:00:27:5d:1d:59 |
[[0;32m  OK  [0m] Reached target System Initialization.
[   14.440812] cloud-init[958]: ci-info: |   lo   |  True |         127.0.0.1          |   255.0.0.0   |  host  |         .         |
[   14.456350]          cloud-initStarting LXD - unix socket.[958]: 
ci-info: |   lo   |  True |          ::1/128           |       .       |  host  |         .         |
[   14.464348] [cloud-init[0;32m  OK  [0m[958]: ] ci-info: +--------+-------+----------------------------+---------------+--------+-------------------+Started Daily Cleanup of Temporary Directories.

[[0;32m  OK  [0m] Listening on D-Bus System Message Bus Socket.
[[0;32m  OK  [0m] Listening on ACPID Listen Socket.
[   14.465570] cloud-init[958]: ci-info: +++++++++++++++++++++++++++Route IPv4 info++++++++++++++++++++++++++++
[   14.480332] cloud-init[[0;32m  OK  [0m] Started Daily apt download activities.
[958]: ci-info: +-------+-------------+----------+---------------+-----------+-------+
[[0;32m  OK  [0m] Started Daily apt upgrade and clean activities.
[[0;32m  OK  [0m] Listening on UUID daemon activation socket.
[   14.481312] cloud-init[958]: ci-info: | Route | Destination | Gateway  |    Genmask    | Interface | Flags |
[   14.496413] [cloud-init[0;32m  OK  [0m[958]: ] ci-info: +-------+-------------+----------+---------------+-----------+-------+Started Message of the Day.

[[0;32m  OK  [0m] Reached target Timers.
[   14.496684] cloud-init[958]: ci-info: |   0   |   0.0.0.0   | 10.0.2.2 |    0.0.0.0    |   enp0s3  |   UG  |
         Starting Socket activation for snappy daemon.
[   14.516439] cloud-init[958]: ci-info: |   1   |   10.0.2.0  | 0.0.0.0  | 255.255.255.0 |   enp0s3  |   U   |
[   14.528677] [cloud-init[0;32m  OK  [0m[958]: ] ci-info: +-------+-------------+----------+---------------+-----------+-------+Started ACPI Events Check.

[[0;32m  OK  [0m] Reached target Paths.
[   14.528981] [cloud-init[0;32m  OK  [0m[958]: ] ci-info: +++++++++++++++++++Route IPv6 info+++++++++++++++++++Reached target Cloud-config availability.

[[0;32m  OK  [0m] Reached target Network is Online.
[   14.544478] cloud-init[958]: ci-info: +-------+-------------+---------+-----------+-------+
[   14.546747] cloud-init[958]: ci-info: | Route | Destination | Gateway | Interface | Flags |
[   14.556494] cloud-init[958]: ci-info: +-------+-------------+---------+-----------+-------+
[   14.564583]          cloud-initStarting iSCSI initiator daemon (iscsid)...[958]: 
ci-info: |   0   |  fe80::/64  |    ::   |   enp0s3  |   U   |
[   14.566198] cloud-init[958]: ci-info: |   3   |   ff00::/8  |    ::   |   enp0s3  |   U   |
[   14.572537] [cloud-init[0;32m  OK  [0m[958]: ] ci-info: +-------+-------------+---------+-----------+-------+Listening on LXD - unix socket.

[   14.572796] [cloud-init[0;32m  OK  [0m[958]: ] Generating public/private rsa key pair.Listening on Socket activation for snappy daemon.

[   14.581526] cloud-init[958]: Your identification has been saved in /etc/ssh/ssh_host_rsa_key.
[   14.588585] [cloud-init[0;32m  OK  [0m[958]: ] Reached target Sockets.
Your public key has been saved in /etc/ssh/ssh_host_rsa_key.pub.
[   14.596626] [cloud-init[0;32m  OK  [0m[958]: ] The key fingerprint is:Reached target Basic System.

[   14.596971] cloud-init[958]: SHA256:MfmgJTyyRt3sCF03lwtBETs2hxjJsqzPWm9iB5EcXQQ root@ubuntu-xenial
         Starting LSB: Record successful boot for GRUB...
[   14.620600] cloud-init[958]: The key's randomart image is:
[   14.623183] cloud-init[958]: +---[RSA 2048]----+
[   14.637486] [cloud-init[0;32m  OK  [0m[958]: ] |       oE*X+..   |Started Deferred execution scheduler.

[   14.639475] cloud-init[958]: |     +o++=.=.    |
[   14.656575]          cloud-initStarting Pollinate to seed the pseudo random number generator...[958]: 
|    +o*=X *...   |
[   14.658408]          cloud-initStarting Login Service...[958]: 
|   . +*B * +.    |
         Starting Virtualbox guest utils...
         Starting LSB: MD monitoring daemon...
[[0;32m  OK  [0m] Started FUSE filesystem for LXC.
[   14.666278] cloud-init[958]: |    o.o.S .      |
[   14.677614] cloud-init[958]: |   .. .          |
[[0;32m  OK  [0m] Started ACPI event daemon.
         Starting /etc/rc.local Compatibility...
[   14.693387] cloud-init[958]: |     o..         |
[   14.706597] cloud-init[958]: |     .=.o        |
[[0;32m  OK  [0m] [   14.706772] Started Regular background program processing daemon.cloud-init
[958]: |    .o +.        |
[   14.720952] cloud-init[958]: +----[SHA256]-----+
[   14.721118] cloud-init[958]: Generating public/private dsa key pair.
         Starting Accounts Service...
[   14.721176] cloud-init[958]: Your identification has been saved in /etc/ssh/ssh_host_dsa_key.
[   14.740381] cloud-init[958]: Your public key has been saved in /etc/ssh/ssh_host_dsa_key.pub.
[   14.748446] cloud-init[958]: The key fingerprint is:
[   14.748652] cloud-init[958]: SHA256:wejSlmoOaFLSbZlKBSvlFkt3WNr1/EqNefE7ysjI7Ng root@ubuntu-xenial
         Starting System Logging Service...
[   14.748724] cloud-init[958]: The key's randomart image is:
[[0;32m  OK  [0m] Started D-Bus System Message Bus.
[   14.759770] cloud-init[958]: +---[DSA 1024]----+
[   14.764054] cloud-init[958]: |  = .oo .        |
[   14.768335] cloud-init[958]: | + *.+ + o       |
[   14.770004] cloud-init[958]: |. = o o o o .    |
[   14.776373] cloud-init[958]: | + o = . . = o   |
[   14.788557] cloud-init[958]: |. + * = S + + .  |
[   14.790232] cloud-init[958]: | = o +   . o   . |
[   14.796937] cloud-init[958]: |o.o o     .   o  |
[   14.806232] cloud-init[958]: |o  +   = o o . . |
[   14.808622] cloud-init[958]: |    . ..E o o    |
[   14.812639] cloud-init[958]: +----[SHA256]-----+
[   14.820591] cloud-init[958]: Generating public/private ecdsa key pair.
[   14.828657] cloud-init[958]: Your identification has been saved in /etc/ssh/ssh_host_ecdsa_key.
[   14.837718] cloud-init[958]: Your public key has been saved in /etc/ssh/ssh_host_ecdsa_key.pub.
[   14.841265] cloud-init[958]: The key fingerprint is:
[   14.843555] cloud-init[958]: SHA256:qHvk7hTQpSUkgKZdMSfAKEKaTrE/r38ES0ueaFn9UIc root@ubuntu-xenial
[   14.845422] cloud-init[958]: The key's randomart image is:
[   14.848307] cloud-init[958]: +---[ECDSA 256]---+
[   14.850366] cloud-init[958]: |.*oo=o+ o .      |
[   14.860665] cloud-init[958]: |*o+ .* = E .     |
[   14.868771] cloud-init[958]: |B+ .. + . .      |
[   14.876494] cloud-init[958]: |+ o  * +         |
[   14.888465] cloud-init[958]: | . oB B S        |
[   14.896431] cloud-init[958]: |   +o*.o .       |
[   14.904647] cloud-init[958]: |  . .+o          |
[   14.906429] cloud-init[958]: |    .oo.         |
[   14.920263] cloud-init[958]: |   .o=+          |
[   14.920523] cloud-init[958]: +----[SHA256]-----+
[   14.920679] cloud-init[958]: Generating public/private ed25519 key pair.
         Starting Snap Daemon...
[   14.920844] cloud-init[958]: Your identification has been saved in /etc/ssh/ssh_host_ed25519_key.
         Starting LXD - container startup/shutdown...
[   14.937172] cloud-init[958]: Your public key has been saved in /etc/ssh/ssh_host_ed25519_key.pub.
[[0;32m  OK  [0m] Started System Logging Service.
[   14.954591] cloud-init[958]: The key fingerprint is:
[[0;32m  OK  [0m] Started iSCSI initiator daemon (iscsid).
[   14.971337] cloud-init[958]: SHA256:wgupKMmN65AbRxe98HWPTzFib+rBYHmQngwwxWc+ZCc root@ubuntu-xenial
[[   14.989169] cloud-init[958]: The key's randomart image is:
[0;32m  OK  [0m] Started /etc/rc.local Compatibility.
[   14.989831] cloud-init[958]: +--[ED25519 256]--+
[   15.008828] cloud-init[958]: |    oo.          |
[   15.016672] cloud-init[958]: |     +. E..      |
[   15.021390] cloud-init[958]: |    o o*+o+ o    |
[   15.023008] cloud-init[958]: |     * *o* = o   |
[   15.024884] cloud-init[958]: |  . + = S.o =    |
[   15.033302] cloud-init[958]: |.=oo . + + =     |
[[0;32m  OK  [0m] Started Login Service.
[   15.033702] cloud-init[958]: |Boo.  .   + .    |
[   15.043403] cloud-init[958]: |o+.      . .     |
[[0;32m  OK  [0m] Started Unattended Upgrades Shutdown.
[   15.054656] cloud-init[958]: |oo        .      |
         Starting Authenticate and Authorize Users to Run Privileged Tasks...
         Starting Login to default iSCSI targets...
[   15.061565] cloud-init[958]: +----[SHA256]-----+
[[0;32m  OK  [0m] Started LSB: Record successful boot for GRUB.
[[0;32m  OK  [0m] Started LSB: MD monitoring daemon.
[[0;32m  OK  [0m] Started Login to default iSCSI targets.
[[0;32m  OK  [0m] Reached target Remote File Systems (Pre).
[[0;32m  OK  [0m] Reached target Remote File Systems.
         Starting Permit User Sessions...
         Starting LSB: automatic crash report generation...
         Starting LSB: daemon to balance interrupts for SMP systems...
         Starting LSB: Set the CPU Frequency Scaling governor to "ondemand"...
[[0;32m  OK  [0m] Started Authenticate and Authorize Users to Run Privileged Tasks.
[[0;32m  OK  [0m] Started Permit User Sessions.
[[0;32m  OK  [0m] Started Accounts Service.
         Starting Terminate Plymouth Boot Screen...
         Starting Hold until boot process finishes up...
[[0;32m  OK  [0m] Started Virtualbox guest utils.
[[0;32m  OK  [0m] Started Terminate Plymouth Boot Screen.
[[0;32m  OK  [0m] Started Hold until boot process finishes up.
         Starting Set console scheme...
[[0;32m  OK  [0m] Started Serial Getty on ttyS0.
[[0;32m  OK  [0m] Started Getty on tty1.
[[0;32m  OK  [0m] Reached target Login Prompts.
[[0;32m  OK  [0m] Started LSB: automatic crash report generation.
[[0;32m  OK  [0m] Started LSB: daemon to balance interrupts for SMP systems.
[[0;32m  OK  [0m] Started LSB: Set the CPU Frequency Scaling governor to "ondemand".
[[0;32m  OK  [0m] Started Set console scheme.
[[0;32m  OK  [0m] Started LXD - container startup/shutdown.
[[0;32m  OK  [0m] Started Snap Daemon.
         Starting Wait until snapd is fully seeded...
[[0;32m  OK  [0m] Started Pollinate to seed the pseudo random number generator.
         Starting OpenBSD Secure Shell server...
[[0;32m  OK  [0m] Started OpenBSD Secure Shell server.
[[0;32m  OK  [0m] Created slice User Slice of vagrant.
         Starting User Manager for UID 1000...
[[0;32m  OK  [0m] Started Session 1 of user vagrant.
[[0;32m  OK  [0m] Started User Manager for UID 1000.
[[0;32m  OK  [0m] Started Session 2 of user vagrant.

Ubuntu 16.04.7 LTS ubuntu-xenial ttyS0

ubuntu-xenial login: [   21.492710] cloud-init[1650]: Generating locales (this might take a while)...
[   22.292133] cloud-init[1650]:   en_US.UTF-8... done
[   22.293625] cloud-init[1650]: Generation complete.
[   22.759626] cloud-init[1650]: Cloud-init v. 20.2-45-g5f7825e2-0ubuntu1~16.04.1 running 'modules:config' at Mon, 31 Aug 2020 00:34:08 +0000. Up 21.32 seconds.
ci-info: no authorized SSH keys fingerprints found for user ubuntu.
<14>Aug 31 00:34:10 ec2: 
<14>Aug 31 00:34:10 ec2: #############################################################
<14>Aug 31 00:34:10 ec2: -----BEGIN SSH HOST KEY FINGERPRINTS-----
<14>Aug 31 00:34:10 ec2: 1024 SHA256:wejSlmoOaFLSbZlKBSvlFkt3WNr1/EqNefE7ysjI7Ng root@ubuntu-xenial (DSA)
<14>Aug 31 00:34:10 ec2: 256 SHA256:qHvk7hTQpSUkgKZdMSfAKEKaTrE/r38ES0ueaFn9UIc root@ubuntu-xenial (ECDSA)
<14>Aug 31 00:34:10 ec2: 256 SHA256:wgupKMmN65AbRxe98HWPTzFib+rBYHmQngwwxWc+ZCc root@ubuntu-xenial (ED25519)
<14>Aug 31 00:34:10 ec2: 2048 SHA256:MfmgJTyyRt3sCF03lwtBETs2hxjJsqzPWm9iB5EcXQQ root@ubuntu-xenial (RSA)
<14>Aug 31 00:34:10 ec2: -----END SSH HOST KEY FINGERPRINTS-----
<14>Aug 31 00:34:10 ec2: #############################################################
-----BEGIN SSH HOST KEY KEYS-----
ecdsa-sha2-nistp256 AAAAE2VjZHNhLXNoYTItbmlzdHAyNTYAAAAIbmlzdHAyNTYAAABBBJ/cwYlPmAzmdLV6x/dhEL1XbSH+h742gYGfjUeFeY3IMJaFk4wqRBzSVmYq7/H7QLnKn5EizeTx4h5/9qO3cRg= root@ubuntu-xenial
ssh-ed25519 AAAAC3NzaC1lZDI1NTE5AAAAIEEXSCL58TYC18S6mapPdNuKuc9RBMB5nJdhh8ixvdQx root@ubuntu-xenial
ssh-rsa AAAAB3NzaC1yc2EAAAADAQABAAABAQDY5rtC8OePRyH3bBs9yiPnsp8bbR0erYJooynCbZ+dPET1qMxa3FDR4LjEFqEvBHsvUXY+GIwgIMtvTf8LUIBMoi1UHleRUVt1aL/af2ifnLzkLCW+397vzv5V1M59E3y2idxM1lqtg1ZHo6LrzgCFl1pINOYtwIjg6zCpprkHLbN5BwFOHbyJvqiaedkLSekbjyDTmezmQzruA7WdZ+6AOQiHC1J10sP6IHryqHWCKslJZ+TClffDx1hdcdTyxO5dA2zJ1T578w7a5UBJIWF1Tyl4j6x5A5Yg3DvIxblIrmLHP8IAjf0lqdq819wkNKKGTcu+TUizcPD4oWmks5RF root@ubuntu-xenial
-----END SSH HOST KEY KEYS-----
[   23.151446] cloud-init[1759]: Cloud-init v. 20.2-45-g5f7825e2-0ubuntu1~16.04.1 running 'modules:final' at Mon, 31 Aug 2020 00:34:10 +0000. Up 23.02 seconds.
[   23.151722] cloud-init[1759]: ci-info: no authorized SSH keys fingerprints found for user ubuntu.
[   23.151927] cloud-init[1759]: Cloud-init v. 20.2-45-g5f7825e2-0ubuntu1~16.04.1 finished at Mon, 31 Aug 2020 00:34:10 +0000. Datasource DataSourceNoCloud [seed=/dev/sdb][dsmode=net].  Up 23.14 seconds
